../Src/nrfl2401.c:4:6:delay_ms	24	static
../Src/nrfl2401.c:10:6:delay_us	24	static
../Src/nrfl2401.c:18:6:nrf_gpio_init	4	static
../Src/nrfl2401.c:41:6:spi_init	4	static
../Src/nrfl2401.c:60:9:spi_transfer	16	static
../Src/nrfl2401.c:69:6:nrf_write_reg	16	static
../Src/nrfl2401.c:79:9:nrf_read_reg	24	static
../Src/nrfl2401.c:91:6:nrf_write_buf	24	static
../Src/nrfl2401.c:103:6:nrf_read_buf	32	static
../Src/nrfl2401.c:116:6:nrf_init	32	static
../Src/nrfl2401.c:166:9:nrf_transmit	32	static
../Src/nrfl2401.c:206:9:nrf_receive	32	static
../Src/nrfl2401.c:225:6:nrf_set_tx_addr	16	static
../Src/nrfl2401.c:231:6:nrf_set_rx_addr	16	static
../Src/nrfl2401.c:244:6:nrf_power_up	16	static
../Src/nrfl2401.c:252:6:nrf_power_down	16	static
../Src/nrfl2401.c:259:9:nrf_data_available	16	static
../Src/nrfl2401.c:266:9:nrf_is_sending	16	static
../Src/nrfl2401.c:278:9:nrf_get_status	8	static
